﻿
> arquitecto-react@0.0.0 build
> vite build

[36mvite v7.3.1 [32mbuilding client environment for production...[36m[39m
transforming...
[32mÔ£ô[39m 18 modules transformed.
node.exe : [31mÔ£ù[39m Build 
failed in 828ms
At line:1 char:1
+ & "C:\Program 
Files\nodejs/node.exe" 
"C:\Program Files\nodejs/node_mo 
...
+ ~~~~~~~~~~~~~~~~~~~~~~~~~~~~~~~~
~~~~~~~~~~~~~~~~~~~~~~~~~~~~~~~~~~
~~~
    + CategoryInfo          : Not 
   Specified: ([31mÔ£ù[39m Bui  
  ld failed in 828ms:String) []   
 , RemoteException
    + FullyQualifiedErrorId : Nat 
   iveCommandError
 
[31merror during build:
[31m[commonjs--resolver] Missing 
"./vertexai" specifier in 
"firebase" package[31m
    at e (file:///C:/Users/JoseG/O
neDrive/Ambiente%20de%20Trabalho/C
reador%20%20de%20Sistemas/node_mod
ules/vite/dist/node/chunks/config.
js:6651:8)
    at n (file:///C:/Users/JoseG/O
neDrive/Ambiente%20de%20Trabalho/C
reador%20%20de%20Sistemas/node_mod
ules/vite/dist/node/chunks/config.
js:6663:14)
    at o (file:///C:/Users/JoseG/O
neDrive/Ambiente%20de%20Trabalho/C
reador%20%20de%20Sistemas/node_mod
ules/vite/dist/node/chunks/config.
js:6691:10)
    at resolveExportsOrImports (fi
le:///C:/Users/JoseG/OneDrive/Ambi
ente%20de%20Trabalho/Creador%20%20
de%20Sistemas/node_modules/vite/di
st/node/chunks/config.js:32827:45)
    at resolveDeepImport (file:///
C:/Users/JoseG/OneDrive/Ambiente%2
0de%20Trabalho/Creador%20%20de%20S
istemas/node_modules/vite/dist/nod
e/chunks/config.js:32841:22)
    at tryNodeResolve (file:///C:/
Users/JoseG/OneDrive/Ambiente%20de
%20Trabalho/Creador%20%20de%20Sist
emas/node_modules/vite/dist/node/c
hunks/config.js:32716:70)
    at Object.handler (file:///C:/
Users/JoseG/OneDrive/Ambiente%20de
%20Trabalho/Creador%20%20de%20Sist
emas/node_modules/vite/dist/node/c
hunks/config.js:32555:16)
    at Object.handler (file:///C:/
Users/JoseG/OneDrive/Ambiente%20de
%20Trabalho/Creador%20%20de%20Sist
emas/node_modules/vite/dist/node/c
hunks/config.js:33706:13)
    at file:///C:/Users/JoseG/OneD
rive/Ambiente%20de%20Trabalho/Crea
dor%20%20de%20Sistemas/node_module
s/rollup/dist/es/shared/node-entry
.js:22571:40
    at async PluginDriver.hookFirs
tAndGetPlugin (file:///C:/Users/Jo
seG/OneDrive/Ambiente%20de%20Traba
lho/Creador%20%20de%20Sistemas/nod
e_modules/rollup/dist/es/shared/no
de-entry.js:22453:28)[39m
